  Enemy.cpp
C:\Users\kira\Documents\GitHub\program\GOAT\Enemy.cpp(1,1): warning C4819: ファイルは、現在のコード ページ (932) で表示できない文字を含んでいます。データの損失を防ぐために、ファイルを Unicode 形式で保存してください。
C:\Users\kira\Documents\GitHub\program\GOAT\Enemy.h(1,1): warning C4819: ファイルは、現在のコード ページ (932) で表示できない文字を含んでいます。データの損失を防ぐために、ファイルを Unicode 形式で保存してください。
  (ソース ファイル 'Enemy.cpp' をコンパイルしています)
  
C:\Users\kira\Documents\GitHub\program\GOAT\Enemy.h(18,37): warning C4244: 'return': 'const int' から 'float' への変換です。データが失われる可能性があります。
  (ソース ファイル 'Enemy.cpp' をコンパイルしています)
  
C:\Users\kira\Documents\GitHub\program\GOAT\Enemy.h(20,34): warning C4244: 'return': 'const int' から 'float' への変換です。データが失われる可能性があります。
  (ソース ファイル 'Enemy.cpp' をコンパイルしています)
  
C:\Users\kira\Documents\GitHub\program\GOAT\Enemy.h(21,35): warning C4244: 'return': 'const int' から 'float' への変換です。データが失われる可能性があります。
  (ソース ファイル 'Enemy.cpp' をコンパイルしています)
  
C:\Users\kira\Documents\GitHub\program\GOAT\Input.h(1,1): warning C4819: ファイルは、現在のコード ページ (932) で表示できない文字を含んでいます。データの損失を防ぐために、ファイルを Unicode 形式で保存してください。
  (ソース ファイル 'Enemy.cpp' をコンパイルしています)
  
C:\Users\kira\Documents\GitHub\program\GOAT\Enemy.cpp(15,28): warning C4244: '初期化中': 'float' から 'const int' への変換です。データが失われる可能性があります。
C:\Users\kira\Documents\GitHub\program\GOAT\Enemy.cpp(35,9): warning C4244: '初期化中': 'float' から 'int' への変換です。データが失われる可能性があります。
C:\Users\kira\Documents\GitHub\program\GOAT\Enemy.cpp(36,10): warning C4244: '初期化中': 'float' から 'int' への変換です。データが失われる可能性があります。
C:\Users\kira\Documents\GitHub\program\GOAT\Enemy.cpp(57,12): warning C4244: '=': 'const float' から 'int' への変換です。データが失われる可能性があります。
C:\Users\kira\Documents\GitHub\program\GOAT\Enemy.cpp(58,13): warning C4244: '=': 'const float' から 'int' への変換です。データが失われる可能性があります。
C:\Users\kira\Documents\GitHub\program\GOAT\Enemy.cpp(122,28): warning C4244: '引数': 'float' から 'int' への変換です。データが失われる可能性があります。
C:\Users\kira\Documents\GitHub\program\GOAT\Enemy.cpp(122,21): warning C4244: '引数': 'float' から 'int' への変換です。データが失われる可能性があります。
C:\Users\kira\Documents\GitHub\program\GOAT\Enemy.cpp(122,16): warning C4244: '引数': 'float' から 'int' への変換です。データが失われる可能性があります。
C:\Users\kira\Documents\GitHub\program\GOAT\Enemy.cpp(122,10): warning C4244: '引数': 'float' から 'int' への変換です。データが失われる可能性があります。
C:\Users\kira\Documents\GitHub\program\GOAT\Enemy.cpp(133,54): warning C4244: '引数': 'float' から 'int' への変換です。データが失われる可能性があります。
C:\Users\kira\Documents\GitHub\program\GOAT\Enemy.cpp(133,26): warning C4244: '引数': 'float' から 'int' への変換です。データが失われる可能性があります。
  Enemy2.cpp
C:\Users\kira\Documents\GitHub\program\GOAT\Enemy2.h(21,37): warning C4244: 'return': 'const int' から 'float' への変換です。データが失われる可能性があります。
  (ソース ファイル 'Enemy2.cpp' をコンパイルしています)
  
C:\Users\kira\Documents\GitHub\program\GOAT\Enemy.h(1,1): warning C4819: ファイルは、現在のコード ページ (932) で表示できない文字を含んでいます。データの損失を防ぐために、ファイルを Unicode 形式で保存してください。
  (ソース ファイル 'Enemy2.cpp' をコンパイルしています)
  
C:\Users\kira\Documents\GitHub\program\GOAT\Enemy.h(18,37): warning C4244: 'return': 'const int' から 'float' への変換です。データが失われる可能性があります。
  (ソース ファイル 'Enemy2.cpp' をコンパイルしています)
  
C:\Users\kira\Documents\GitHub\program\GOAT\Enemy.h(20,34): warning C4244: 'return': 'const int' から 'float' への変換です。データが失われる可能性があります。
  (ソース ファイル 'Enemy2.cpp' をコンパイルしています)
  
C:\Users\kira\Documents\GitHub\program\GOAT\Enemy.h(21,35): warning C4244: 'return': 'const int' から 'float' への変換です。データが失われる可能性があります。
  (ソース ファイル 'Enemy2.cpp' をコンパイルしています)
  
C:\Users\kira\Documents\GitHub\program\GOAT\Input.h(1,1): warning C4819: ファイルは、現在のコード ページ (932) で表示できない文字を含んでいます。データの損失を防ぐために、ファイルを Unicode 形式で保存してください。
  (ソース ファイル 'Enemy2.cpp' をコンパイルしています)
  
C:\Users\kira\Documents\GitHub\program\GOAT\Enemy2.cpp(16,28): warning C4244: '初期化中': 'float' から 'const int' への変換です。データが失われる可能性があります。
C:\Users\kira\Documents\GitHub\program\GOAT\Enemy2.cpp(18,26): warning C4244: '初期化中': 'float' から 'const int' への変換です。データが失われる可能性があります。
C:\Users\kira\Documents\GitHub\program\GOAT\Enemy2.cpp(98,54): warning C4244: '引数': 'float' から 'int' への変換です。データが失われる可能性があります。
C:\Users\kira\Documents\GitHub\program\GOAT\Enemy2.cpp(98,26): warning C4244: '引数': 'float' から 'int' への変換です。データが失われる可能性があります。
  Input.cpp
C:\Users\kira\Documents\GitHub\program\GOAT\Input.cpp(1,1): warning C4819: ファイルは、現在のコード ページ (932) で表示できない文字を含んでいます。データの損失を防ぐために、ファイルを Unicode 形式で保存してください。
C:\Users\kira\Documents\GitHub\program\GOAT\Input.h(1,1): warning C4819: ファイルは、現在のコード ページ (932) で表示できない文字を含んでいます。データの損失を防ぐために、ファイルを Unicode 形式で保存してください。
  (ソース ファイル 'Input.cpp' をコンパイルしています)
  
C:\Users\kira\Documents\GitHub\program\GOAT\Input.cpp(7,13): warning C4244: '初期化中': 'double' から 'int' への変換です。データが失われる可能性があります。
C:\Users\kira\Documents\GitHub\program\GOAT\Input.cpp(8,13): warning C4244: '初期化中': 'double' から 'int' への変換です。データが失われる可能性があります。
  main.cpp
  Player.cpp
  SceneMain.cpp
C:\Users\kira\Documents\GitHub\program\GOAT\SceneMain.cpp(1,1): warning C4819: ファイルは、現在のコード ページ (932) で表示できない文字を含んでいます。データの損失を防ぐために、ファイルを Unicode 形式で保存してください。
C:\Users\kira\Documents\GitHub\program\GOAT\Input.h(1,1): warning C4819: ファイルは、現在のコード ページ (932) で表示できない文字を含んでいます。データの損失を防ぐために、ファイルを Unicode 形式で保存してください。
  (ソース ファイル 'SceneMain.cpp' をコンパイルしています)
  
C:\Users\kira\Documents\GitHub\program\GOAT\Enemy.h(1,1): warning C4819: ファイルは、現在のコード ページ (932) で表示できない文字を含んでいます。データの損失を防ぐために、ファイルを Unicode 形式で保存してください。
  (ソース ファイル 'SceneMain.cpp' をコンパイルしています)
  
C:\Users\kira\Documents\GitHub\program\GOAT\Enemy.h(18,37): warning C4244: 'return': 'const int' から 'float' への変換です。データが失われる可能性があります。
  (ソース ファイル 'SceneMain.cpp' をコンパイルしています)
  
C:\Users\kira\Documents\GitHub\program\GOAT\Enemy.h(20,34): warning C4244: 'return': 'const int' から 'float' への変換です。データが失われる可能性があります。
  (ソース ファイル 'SceneMain.cpp' をコンパイルしています)
  
C:\Users\kira\Documents\GitHub\program\GOAT\Enemy.h(21,35): warning C4244: 'return': 'const int' から 'float' への変換です。データが失われる可能性があります。
  (ソース ファイル 'SceneMain.cpp' をコンパイルしています)
  
C:\Users\kira\Documents\GitHub\program\GOAT\Enemy2.h(21,37): warning C4244: 'return': 'const int' から 'float' への変換です。データが失われる可能性があります。
  (ソース ファイル 'SceneMain.cpp' をコンパイルしています)
  
C:\Users\kira\Documents\GitHub\program\GOAT\SceneMain.cpp(28,2): warning C4156: 'delete' の配列でない形式を使った配列の削除は、定義されていません。
C:\Users\kira\Documents\GitHub\program\GOAT\SceneMain.cpp(28,2): warning C4154: 配列の delete が定義されていません。配列は、ポインターに変換されます。
C:\Users\kira\Documents\GitHub\program\GOAT\SceneMain.cpp(29,2): warning C4156: 'delete' の配列でない形式を使った配列の削除は、定義されていません。
C:\Users\kira\Documents\GitHub\program\GOAT\SceneMain.cpp(29,2): warning C4154: 配列の delete が定義されていません。配列は、ポインターに変換されます。
C:\Users\kira\Documents\GitHub\program\GOAT\SceneMain.cpp(156,22): warning C4244: '初期化中': 'float' から 'int' への変換です。データが失われる可能性があります。
  TitleScene.cpp
  Vec2.cpp
C:\Users\kira\Documents\GitHub\program\GOAT\Vec2.cpp(29,8): warning C4101: 'ans': ローカル変数は 1 度も使われていません。
  コード生成しています。
  Previous IPDB not found, fall back to full compilation.
  All 56 functions were compiled because no usable IPDB/IOBJ from previous compilation was found.
  コード生成が終了しました。
  GOAT.vcxproj -> C:\Users\kira\Documents\GitHub\program\GOAT\x64\Release\GOAT.exe
